Archive member included to satisfy reference by file (symbol)

c:/program files (x86)/atmel/studio/7.0/toolchain/avr8/avr8-gnu-toolchain/bin/../lib/gcc/avr/5.4.0/../../../../avr/lib/avr5\libm.a(addsf3.o)
                              HAL/LCD.o (__subsf3)
c:/program files (x86)/atmel/studio/7.0/toolchain/avr8/avr8-gnu-toolchain/bin/../lib/gcc/avr/5.4.0/../../../../avr/lib/avr5\libm.a(addsf3x.o)
                              c:/program files (x86)/atmel/studio/7.0/toolchain/avr8/avr8-gnu-toolchain/bin/../lib/gcc/avr/5.4.0/../../../../avr/lib/avr5\libm.a(addsf3.o) (__addsf3x)
c:/program files (x86)/atmel/studio/7.0/toolchain/avr8/avr8-gnu-toolchain/bin/../lib/gcc/avr/5.4.0/../../../../avr/lib/avr5\libm.a(fixsfsi.o)
                              HAL/LCD.o (__fixsfsi)
c:/program files (x86)/atmel/studio/7.0/toolchain/avr8/avr8-gnu-toolchain/bin/../lib/gcc/avr/5.4.0/../../../../avr/lib/avr5\libm.a(fixunssfsi.o)
                              HAL/LCD.o (__fixunssfsi)
c:/program files (x86)/atmel/studio/7.0/toolchain/avr8/avr8-gnu-toolchain/bin/../lib/gcc/avr/5.4.0/../../../../avr/lib/avr5\libm.a(floatsisf.o)
                              HAL/LCD.o (__floatunsisf)
c:/program files (x86)/atmel/studio/7.0/toolchain/avr8/avr8-gnu-toolchain/bin/../lib/gcc/avr/5.4.0/../../../../avr/lib/avr5\libm.a(fp_inf.o)
                              c:/program files (x86)/atmel/studio/7.0/toolchain/avr8/avr8-gnu-toolchain/bin/../lib/gcc/avr/5.4.0/../../../../avr/lib/avr5\libm.a(addsf3x.o) (__fp_inf)
c:/program files (x86)/atmel/studio/7.0/toolchain/avr8/avr8-gnu-toolchain/bin/../lib/gcc/avr/5.4.0/../../../../avr/lib/avr5\libm.a(fp_nan.o)
                              c:/program files (x86)/atmel/studio/7.0/toolchain/avr8/avr8-gnu-toolchain/bin/../lib/gcc/avr/5.4.0/../../../../avr/lib/avr5\libm.a(addsf3x.o) (__fp_nan)
c:/program files (x86)/atmel/studio/7.0/toolchain/avr8/avr8-gnu-toolchain/bin/../lib/gcc/avr/5.4.0/../../../../avr/lib/avr5\libm.a(fp_pscA.o)
                              c:/program files (x86)/atmel/studio/7.0/toolchain/avr8/avr8-gnu-toolchain/bin/../lib/gcc/avr/5.4.0/../../../../avr/lib/avr5\libm.a(addsf3x.o) (__fp_pscA)
c:/program files (x86)/atmel/studio/7.0/toolchain/avr8/avr8-gnu-toolchain/bin/../lib/gcc/avr/5.4.0/../../../../avr/lib/avr5\libm.a(fp_pscB.o)
                              c:/program files (x86)/atmel/studio/7.0/toolchain/avr8/avr8-gnu-toolchain/bin/../lib/gcc/avr/5.4.0/../../../../avr/lib/avr5\libm.a(addsf3x.o) (__fp_pscB)
c:/program files (x86)/atmel/studio/7.0/toolchain/avr8/avr8-gnu-toolchain/bin/../lib/gcc/avr/5.4.0/../../../../avr/lib/avr5\libm.a(fp_round.o)
                              c:/program files (x86)/atmel/studio/7.0/toolchain/avr8/avr8-gnu-toolchain/bin/../lib/gcc/avr/5.4.0/../../../../avr/lib/avr5\libm.a(addsf3.o) (__fp_round)
c:/program files (x86)/atmel/studio/7.0/toolchain/avr8/avr8-gnu-toolchain/bin/../lib/gcc/avr/5.4.0/../../../../avr/lib/avr5\libm.a(fp_split3.o)
                              c:/program files (x86)/atmel/studio/7.0/toolchain/avr8/avr8-gnu-toolchain/bin/../lib/gcc/avr/5.4.0/../../../../avr/lib/avr5\libm.a(addsf3x.o) (__fp_split3)
c:/program files (x86)/atmel/studio/7.0/toolchain/avr8/avr8-gnu-toolchain/bin/../lib/gcc/avr/5.4.0/../../../../avr/lib/avr5\libm.a(fp_zero.o)
                              c:/program files (x86)/atmel/studio/7.0/toolchain/avr8/avr8-gnu-toolchain/bin/../lib/gcc/avr/5.4.0/../../../../avr/lib/avr5\libm.a(addsf3x.o) (__fp_zero)
c:/program files (x86)/atmel/studio/7.0/toolchain/avr8/avr8-gnu-toolchain/bin/../lib/gcc/avr/5.4.0/../../../../avr/lib/avr5\libm.a(mulsf3.o)
                              HAL/LCD.o (__mulsf3)
c:/program files (x86)/atmel/studio/7.0/toolchain/avr8/avr8-gnu-toolchain/bin/../lib/gcc/avr/5.4.0/../../../../avr/lib/avr5\libm.a(mulsf3x.o)
                              c:/program files (x86)/atmel/studio/7.0/toolchain/avr8/avr8-gnu-toolchain/bin/../lib/gcc/avr/5.4.0/../../../../avr/lib/avr5\libm.a(mulsf3.o) (__mulsf3x)
c:/program files (x86)/atmel/studio/7.0/toolchain/avr8/avr8-gnu-toolchain/bin/../lib/gcc/avr/5.4.0/avr5\libgcc.a(_udivmodhi4.o)
                              servtce/Timers_Services.o (__udivmodhi4)
c:/program files (x86)/atmel/studio/7.0/toolchain/avr8/avr8-gnu-toolchain/bin/../lib/gcc/avr/5.4.0/avr5\libgcc.a(_udivmodsi4.o)
                              APP/servo.o (__udivmodsi4)
c:/program files (x86)/atmel/studio/7.0/toolchain/avr8/avr8-gnu-toolchain/bin/../lib/gcc/avr/5.4.0/avr5\libgcc.a(_divmodsi4.o)
                              HAL/LCD.o (__divmodsi4)
c:/program files (x86)/atmel/studio/7.0/toolchain/avr8/avr8-gnu-toolchain/bin/../lib/gcc/avr/5.4.0/avr5\libgcc.a(_negsi2.o)
                              c:/program files (x86)/atmel/studio/7.0/toolchain/avr8/avr8-gnu-toolchain/bin/../lib/gcc/avr/5.4.0/avr5\libgcc.a(_divmodsi4.o) (__negsi2)
c:/program files (x86)/atmel/studio/7.0/toolchain/avr8/avr8-gnu-toolchain/bin/../lib/gcc/avr/5.4.0/avr5\libgcc.a(_exit.o)
                              C:/Program Files (x86)/Atmel/Studio/7.0/Packs/atmel/ATmega_DFP/1.7.374/gcc/dev/atmega32/avr5/crtatmega32.o (exit)
c:/program files (x86)/atmel/studio/7.0/toolchain/avr8/avr8-gnu-toolchain/bin/../lib/gcc/avr/5.4.0/avr5\libgcc.a(_copy_data.o)
                              APP/RGB.o (__do_copy_data)
c:/program files (x86)/atmel/studio/7.0/toolchain/avr8/avr8-gnu-toolchain/bin/../lib/gcc/avr/5.4.0/avr5\libgcc.a(_clear_bss.o)
                              APP/RGB.o (__do_clear_bss)
c:/program files (x86)/atmel/studio/7.0/toolchain/avr8/avr8-gnu-toolchain/bin/../lib/gcc/avr/5.4.0/avr5\libgcc.a(_umulhisi3.o)
                              APP/servo.o (__umulhisi3)
c:/program files (x86)/atmel/studio/7.0/toolchain/avr8/avr8-gnu-toolchain/bin/../lib/gcc/avr/5.4.0/avr5\libgcc.a(_muluhisi3.o)
                              servtce/Timers_Services.o (__muluhisi3)

Allocating common symbols
Common symbol       size              file

out_range_count     0x1               servtce/UltraSonic.o
flag_index          0x1               servtce/UltraSonic.o
delay_counter       0x1               servtce/UltraSonic.o
getter_flag         0x1               servtce/UltraSonic.o
Rising_t            0x2               servtce/UltraSonic.o
falling_t           0x2               servtce/UltraSonic.o
module_counter      0x1               servtce/UltraSonic.o
access_buffer       0x1               servtce/UltraSonic.o
sleep_flag          0x1               servtce/UltraSonic.o

Discarded input sections

 .data          0x00000000        0x0 C:/Program Files (x86)/Atmel/Studio/7.0/Packs/atmel/ATmega_DFP/1.7.374/gcc/dev/atmega32/avr5/crtatmega32.o
 .bss           0x00000000        0x0 C:/Program Files (x86)/Atmel/Studio/7.0/Packs/atmel/ATmega_DFP/1.7.374/gcc/dev/atmega32/avr5/crtatmega32.o
 .text          0x00000000        0x0 APP/RGB.o
 .data          0x00000000        0x0 APP/RGB.o
 .bss           0x00000000        0x0 APP/RGB.o
 .text.generate_color
                0x00000000       0x6c APP/RGB.o
 .text.generate_rgb
                0x00000000       0x44 APP/RGB.o
 .text.color_inc
                0x00000000       0x16 APP/RGB.o
 .text.color_dec
                0x00000000       0x18 APP/RGB.o
 .rodata.color_arr
                0x00000000       0x2d APP/RGB.o
 .bss.color     0x00000000        0x1 APP/RGB.o
 .text          0x00000000        0x0 APP/servo.o
 .data          0x00000000        0x0 APP/servo.o
 .bss           0x00000000        0x0 APP/servo.o
 .text.servo_init
                0x00000000       0x20 APP/servo.o
 .text.servo_set_angle
                0x00000000       0x22 APP/servo.o
 .debug_info    0x00000000      0x1b4 APP/servo.o
 .debug_abbrev  0x00000000       0xb0 APP/servo.o
 .debug_aranges
                0x00000000       0x28 APP/servo.o
 .debug_ranges  0x00000000       0x18 APP/servo.o
 .debug_line    0x00000000       0x8d APP/servo.o
 .debug_str     0x00000000      0x32b APP/servo.o
 .comment       0x00000000       0x31 APP/servo.o
 .debug_frame   0x00000000       0x34 APP/servo.o
 .text          0x00000000        0x0 APP/smart_home.o
 .data          0x00000000        0x0 APP/smart_home.o
 .bss           0x00000000        0x0 APP/smart_home.o
 .text.string_compare
                0x00000000       0x36 APP/smart_home.o
 .text.search_string
                0x00000000       0x4c APP/smart_home.o
 .text.UART_into_func_and_data
                0x00000000       0x9c APP/smart_home.o
 .text.procces  0x00000000       0x70 APP/smart_home.o
 .rodata.str1.1
                0x00000000       0x19 APP/smart_home.o
 .rodata.task_arr
                0x00000000       0x10 APP/smart_home.o
 .debug_info    0x00000000      0x374 APP/smart_home.o
 .debug_abbrev  0x00000000      0x199 APP/smart_home.o
 .debug_loc     0x00000000      0x3c8 APP/smart_home.o
 .debug_aranges
                0x00000000       0x38 APP/smart_home.o
 .debug_ranges  0x00000000       0x58 APP/smart_home.o
 .debug_line    0x00000000      0x1f3 APP/smart_home.o
 .debug_str     0x00000000      0x248 APP/smart_home.o
 .comment       0x00000000       0x31 APP/smart_home.o
 .debug_frame   0x00000000       0xa4 APP/smart_home.o
 .text          0x00000000        0x0 CFG/DIO_Cfg.o
 .data          0x00000000        0x0 CFG/DIO_Cfg.o
 .bss           0x00000000        0x0 CFG/DIO_Cfg.o
 .text          0x00000000        0x0 CFG/keypad_Cfg.o
 .data          0x00000000        0x0 CFG/keypad_Cfg.o
 .bss           0x00000000        0x0 CFG/keypad_Cfg.o
 .rodata.keypadChar
                0x00000000       0x10 CFG/keypad_Cfg.o
 .rodata.KeypadRows
                0x00000000        0x4 CFG/keypad_Cfg.o
 .rodata.KeypadCols
                0x00000000        0x4 CFG/keypad_Cfg.o
 .debug_info    0x00000000      0x19c CFG/keypad_Cfg.o
 .debug_abbrev  0x00000000       0x6a CFG/keypad_Cfg.o
 .debug_aranges
                0x00000000       0x18 CFG/keypad_Cfg.o
 .debug_line    0x00000000       0x5d CFG/keypad_Cfg.o
 .debug_str     0x00000000      0x23b CFG/keypad_Cfg.o
 .comment       0x00000000       0x31 CFG/keypad_Cfg.o
 .text          0x00000000        0x0 CFG/MOTOR_CFG.o
 .data          0x00000000        0x0 CFG/MOTOR_CFG.o
 .bss           0x00000000        0x0 CFG/MOTOR_CFG.o
 .rodata.MotorStatusArray
                0x00000000        0xc CFG/MOTOR_CFG.o
 .rodata.MotorPinArray
                0x00000000        0xc CFG/MOTOR_CFG.o
 .debug_info    0x00000000      0x200 CFG/MOTOR_CFG.o
 .debug_abbrev  0x00000000       0x73 CFG/MOTOR_CFG.o
 .debug_aranges
                0x00000000       0x18 CFG/MOTOR_CFG.o
 .debug_line    0x00000000       0x67 CFG/MOTOR_CFG.o
 .debug_str     0x00000000      0x277 CFG/MOTOR_CFG.o
 .comment       0x00000000       0x31 CFG/MOTOR_CFG.o
 .text          0x00000000        0x0 CFG/UART_cfg.o
 .data          0x00000000        0x0 CFG/UART_cfg.o
 .bss           0x00000000        0x0 CFG/UART_cfg.o
 .text          0x00000000        0x0 HAL/KeyPad.o
 .data          0x00000000        0x0 HAL/KeyPad.o
 .bss           0x00000000        0x0 HAL/KeyPad.o
 .text.keypad_init
                0x00000000       0x20 HAL/KeyPad.o
 .text.keypad_getnumber
                0x00000000       0xaa HAL/KeyPad.o
 .text.KeyPad_scan_string
                0x00000000       0x42 HAL/KeyPad.o
 .bss.str.1878  0x00000000       0x10 HAL/KeyPad.o
 .debug_info    0x00000000      0x306 HAL/KeyPad.o
 .debug_abbrev  0x00000000      0x1ba HAL/KeyPad.o
 .debug_loc     0x00000000      0x24e HAL/KeyPad.o
 .debug_aranges
                0x00000000       0x30 HAL/KeyPad.o
 .debug_ranges  0x00000000       0x20 HAL/KeyPad.o
 .debug_line    0x00000000      0x24a HAL/KeyPad.o
 .debug_str     0x00000000      0x259 HAL/KeyPad.o
 .comment       0x00000000       0x31 HAL/KeyPad.o
 .debug_frame   0x00000000       0x8c HAL/KeyPad.o
 .text          0x00000000        0x0 HAL/LCD.o
 .data          0x00000000        0x0 HAL/LCD.o
 .bss           0x00000000        0x0 HAL/LCD.o
 .text.write_data
                0x00000000       0xc0 HAL/LCD.o
 .text.LCD_writechar
                0x00000000        0x6 HAL/LCD.o
 .text.LCD_writestring
                0x00000000       0x2c HAL/LCD.o
 .text.LCD_writeNumber
                0x00000000      0x10c HAL/LCD.o
 .text.LCD_WriteBinary
                0x00000000       0x2e HAL/LCD.o
 .text.LCD_WriteHex
                0x00000000       0x70 HAL/LCD.o
 .text.LCD_writefloatNumber
                0x00000000       0x60 HAL/LCD.o
 .text.LCD_SetCursor
                0x00000000       0x1c HAL/LCD.o
 .text.LCD_Clear
                0x00000000       0x14 HAL/LCD.o
 .text.LCD_SetCGRAM
                0x00000000        0x8 HAL/LCD.o
 .text.LCD_WriteDataInCGRAM
                0x00000000       0x2e HAL/LCD.o
 .text          0x00000000        0x0 HAL/led.o
 .data          0x00000000        0x0 HAL/led.o
 .bss           0x00000000        0x0 HAL/led.o
 .text.LED_ON   0x00000000        0xe HAL/led.o
 .text.LED_OFF  0x00000000        0xe HAL/led.o
 .debug_info    0x00000000      0x1f7 HAL/led.o
 .debug_abbrev  0x00000000       0xac HAL/led.o
 .debug_loc     0x00000000       0x5c HAL/led.o
 .debug_aranges
                0x00000000       0x28 HAL/led.o
 .debug_ranges  0x00000000       0x18 HAL/led.o
 .debug_line    0x00000000       0x8c HAL/led.o
 .debug_str     0x00000000      0x265 HAL/led.o
 .comment       0x00000000       0x31 HAL/led.o
 .debug_frame   0x00000000       0x34 HAL/led.o
 .text          0x00000000        0x0 HAL/motor.o
 .data          0x00000000        0x0 HAL/motor.o
 .bss           0x00000000        0x0 HAL/motor.o
 .text.motor_init
                0x00000000       0x4c HAL/motor.o
 .text.motor_run_cw
                0x00000000       0x34 HAL/motor.o
 .text.motor_run_ccw
                0x00000000       0x34 HAL/motor.o
 .text.motor_stop
                0x00000000       0x34 HAL/motor.o
 .debug_info    0x00000000      0x3c7 HAL/motor.o
 .debug_abbrev  0x00000000       0xff HAL/motor.o
 .debug_loc     0x00000000      0x15c HAL/motor.o
 .debug_aranges
                0x00000000       0x38 HAL/motor.o
 .debug_ranges  0x00000000       0x28 HAL/motor.o
 .debug_line    0x00000000      0x135 HAL/motor.o
 .debug_str     0x00000000      0x2c9 HAL/motor.o
 .comment       0x00000000       0x31 HAL/motor.o
 .debug_frame   0x00000000       0x84 HAL/motor.o
 .text          0x00000000        0x0 HAL/Sensor.o
 .data          0x00000000        0x0 HAL/Sensor.o
 .bss           0x00000000        0x0 HAL/Sensor.o
 .text.Temperature_SensorLM35_Output
                0x00000000       0x2a HAL/Sensor.o
 .text.Pressure_SensorMPX4115_Output
                0x00000000       0x2c HAL/Sensor.o
 .text.Smoke_sensor_Output
                0x00000000       0x36 HAL/Sensor.o
 .debug_info    0x00000000      0x178 HAL/Sensor.o
 .debug_abbrev  0x00000000       0x9a HAL/Sensor.o
 .debug_loc     0x00000000       0xa3 HAL/Sensor.o
 .debug_aranges
                0x00000000       0x30 HAL/Sensor.o
 .debug_ranges  0x00000000       0x20 HAL/Sensor.o
 .debug_line    0x00000000       0xbd HAL/Sensor.o
 .debug_str     0x00000000      0x1d5 HAL/Sensor.o
 .comment       0x00000000       0x31 HAL/Sensor.o
 .debug_frame   0x00000000       0x44 HAL/Sensor.o
 .text          0x00000000        0x0 HAL/seven_seg.o
 .data          0x00000000        0x0 HAL/seven_seg.o
 .bss           0x00000000        0x0 HAL/seven_seg.o
 .text.seven_seg_init
                0x00000000        0x2 HAL/seven_seg.o
 .text.seven_seg_Write_number
                0x00000000       0x62 HAL/seven_seg.o
 .text.seven_seg_Write_number_hex
                0x00000000        0x2 HAL/seven_seg.o
 .rodata.seven_seg_char
                0x00000000       0x10 HAL/seven_seg.o
 .debug_info    0x00000000      0x289 HAL/seven_seg.o
 .debug_abbrev  0x00000000      0x117 HAL/seven_seg.o
 .debug_loc     0x00000000       0x5b HAL/seven_seg.o
 .debug_aranges
                0x00000000       0x30 HAL/seven_seg.o
 .debug_ranges  0x00000000       0x20 HAL/seven_seg.o
 .debug_line    0x00000000       0xd8 HAL/seven_seg.o
 .debug_str     0x00000000      0x289 HAL/seven_seg.o
 .comment       0x00000000       0x31 HAL/seven_seg.o
 .debug_frame   0x00000000       0x50 HAL/seven_seg.o
 .text          0x00000000        0x0 main.o
 .data          0x00000000        0x0 main.o
 .bss           0x00000000        0x0 main.o
 .text          0x00000000        0x0 MCAL/ADC.o
 .data          0x00000000        0x0 MCAL/ADC.o
 .bss           0x00000000        0x0 MCAL/ADC.o
 .text.ADC_init
                0x00000000       0x46 MCAL/ADC.o
 .text.ADC_READ
                0x00000000       0x1c MCAL/ADC.o
 .text.ADC_filteration_ADC7
                0x00000000       0x6a MCAL/ADC.o
 .text.ADC_filteration_ADC0
                0x00000000       0x6a MCAL/ADC.o
 .text.ADC_readVolt
                0x00000000       0x40 MCAL/ADC.o
 .bss.ADC0_filter.1853
                0x00000000       0x14 MCAL/ADC.o
 .bss.index.1854
                0x00000000        0x1 MCAL/ADC.o
 .bss.ADC7_filter.1843
                0x00000000       0x14 MCAL/ADC.o
 .bss.index.1844
                0x00000000        0x1 MCAL/ADC.o
 .data.volt_ref
                0x00000000        0x2 MCAL/ADC.o
 .debug_info    0x00000000      0x39b MCAL/ADC.o
 .debug_abbrev  0x00000000      0x138 MCAL/ADC.o
 .debug_loc     0x00000000      0x273 MCAL/ADC.o
 .debug_aranges
                0x00000000       0x40 MCAL/ADC.o
 .debug_ranges  0x00000000       0x60 MCAL/ADC.o
 .debug_line    0x00000000      0x1da MCAL/ADC.o
 .debug_str     0x00000000      0x311 MCAL/ADC.o
 .comment       0x00000000       0x31 MCAL/ADC.o
 .debug_frame   0x00000000       0x7c MCAL/ADC.o
 .text          0x00000000        0x0 MCAL/DIO.o
 .data          0x00000000        0x0 MCAL/DIO.o
 .bss           0x00000000        0x0 MCAL/DIO.o
 .text.DIO_ReadPin
                0x00000000       0x70 MCAL/DIO.o
 .text.DIO_TogglePin
                0x00000000       0x82 MCAL/DIO.o
 .text.DIO_WritePort
                0x00000000       0x20 MCAL/DIO.o
 .text.DIO_ReadPort
                0x00000000       0x24 MCAL/DIO.o
 .text          0x00000000        0x0 MCAL/EEPROM.o
 .data          0x00000000        0x0 MCAL/EEPROM.o
 .bss           0x00000000        0x0 MCAL/EEPROM.o
 .debug_line    0x00000000        0x0 MCAL/EEPROM.o
 .debug_str     0x00000000       0xf1 MCAL/EEPROM.o
 .comment       0x00000000       0x31 MCAL/EEPROM.o
 .text          0x00000000        0x0 MCAL/interrupt.o
 .data          0x00000000        0x0 MCAL/interrupt.o
 .bss           0x00000000        0x0 MCAL/interrupt.o
 .text.interrupt_enable_control
                0x00000000       0x48 MCAL/interrupt.o
 .text.interrupt_clear_flag
                0x00000000       0x24 MCAL/interrupt.o
 .text.ext_interrupt_sense_resp
                0x00000000       0x3e MCAL/interrupt.o
 .text.external_interrupt_init
                0x00000000       0x34 MCAL/interrupt.o
 .text.interrupt_ISR
                0x00000000       0x12 MCAL/interrupt.o
 .text          0x00000000        0x0 MCAL/Timers.o
 .data          0x00000000        0x0 MCAL/Timers.o
 .bss           0x00000000        0x0 MCAL/Timers.o
 .text.TIMER0_OV_InterruptEnable
                0x00000000        0x8 MCAL/Timers.o
 .text.TIMER0_OV_InterruptDisable
                0x00000000        0x8 MCAL/Timers.o
 .text.TIMER0_OC_InterruptEnable
                0x00000000        0x8 MCAL/Timers.o
 .text.TIMER0_OC_InterruptDisable
                0x00000000        0x8 MCAL/Timers.o
 .text.Timer1_InputCaptureEdge
                0x00000000       0x18 MCAL/Timers.o
 .text.Timer1_ICU_InterruptEnable
                0x00000000        0x8 MCAL/Timers.o
 .text.Timer1_ICU_InterruptDisable
                0x00000000        0x8 MCAL/Timers.o
 .text.Timer1_OVF_InterruptEnable
                0x00000000        0x8 MCAL/Timers.o
 .text.Timer1_OVF_InterruptDisable
                0x00000000        0x8 MCAL/Timers.o
 .text.Timer1_OCA_InterruptEnable
                0x00000000        0x8 MCAL/Timers.o
 .text.Timer1_OCA_InterruptDisable
                0x00000000        0x8 MCAL/Timers.o
 .text.Timer1_OCB_InterruptEnable
                0x00000000        0x8 MCAL/Timers.o
 .text.Timer1_OCB_InterruptDisable
                0x00000000        0x8 MCAL/Timers.o
 .text.Timer1_OVF_SetCallBack
                0x00000000        0xa MCAL/Timers.o
 .text.Timer1_OCA_SetCallBack
                0x00000000        0xa MCAL/Timers.o
 .text.Timer1_OCB_SetCallBack
                0x00000000        0xa MCAL/Timers.o
 .text.Timer1_ICU_SetCallBack
                0x00000000        0xa MCAL/Timers.o
 .text.TIMER0_set_OCR0
                0x00000000        0x6 MCAL/Timers.o
 .text.TIMER1_set_OCRA
                0x00000000        0xe MCAL/Timers.o
 .text.TIMER1_set_OCRB
                0x00000000        0xe MCAL/Timers.o
 .text.TIMER2_init
                0x00000000       0x1a MCAL/Timers.o
 .text.TIMER2_OC2_mode
                0x00000000        0xe MCAL/Timers.o
 .text.TIMER2_interrupt_control
                0x00000000        0x2 MCAL/Timers.o
 .text          0x00000000        0x0 MCAL/UART.o
 .data          0x00000000        0x0 MCAL/UART.o
 .bss           0x00000000        0x0 MCAL/UART.o
 .text.UART_Receive
                0x00000000        0x8 MCAL/UART.o
 .text.UART_ReceivePerodic
                0x00000000       0x16 MCAL/UART.o
 .text.UART_SendNoBlock
                0x00000000        0x4 MCAL/UART.o
 .text.UART_ReceiveNoBlock
                0x00000000        0x4 MCAL/UART.o
 .text.UART_RX_InterruptEnable
                0x00000000        0x8 MCAL/UART.o
 .text.UART_RX_InterruptDisable
                0x00000000        0x8 MCAL/UART.o
 .text.UART_TX_InterruptEnable
                0x00000000        0x8 MCAL/UART.o
 .text.UART_TX_InterruptDisable
                0x00000000        0x8 MCAL/UART.o
 .text.UART_RX_SetCallBack
                0x00000000        0xa MCAL/UART.o
 .text.UART_TX_SetCallBack
                0x00000000        0xa MCAL/UART.o
 .text          0x00000000        0x0 MCAL/USART.o
 .data          0x00000000        0x0 MCAL/USART.o
 .bss           0x00000000        0x0 MCAL/USART.o
 .text.USART_RX_complete_int_En
                0x00000000        0x8 MCAL/USART.o
 .text.USART_RX_complete_int_Dis
                0x00000000        0x8 MCAL/USART.o
 .text.USART_TX_complete_int_En
                0x00000000        0x8 MCAL/USART.o
 .text.USART_TX_complete_int_Dis
                0x00000000        0x8 MCAL/USART.o
 .text.USART_Data_reg_emp_int_En
                0x00000000        0x8 MCAL/USART.o
 .text.USART_Data_reg_emp_int_Dis
                0x00000000        0x8 MCAL/USART.o
 .text.Uart_Interrupt
                0x00000000       0x30 MCAL/USART.o
 .text.USART_RX_En
                0x00000000        0x8 MCAL/USART.o
 .text.USART_RX_Dis
                0x00000000        0x8 MCAL/USART.o
 .text.USART_TX_En
                0x00000000        0x8 MCAL/USART.o
 .text.USART_TX_Dis
                0x00000000        0x8 MCAL/USART.o
 .text.UASRT_parity_mode
                0x00000000       0x16 MCAL/USART.o
 .text.USART_stop_bits
                0x00000000       0x1c MCAL/USART.o
 .text.USART_char_size
                0x00000000       0x20 MCAL/USART.o
 .text.USART_init
                0x00000000       0x4c MCAL/USART.o
 .text.ISR_USART_Recive_complete_set_callback
                0x00000000        0x2 MCAL/USART.o
 .text.ISR_USART_Transmit_complete_set_callback
                0x00000000        0x2 MCAL/USART.o
 .text.ISR_USART_Data_Reg_empty_set_callback
                0x00000000        0x2 MCAL/USART.o
 .debug_info    0x00000000      0x414 MCAL/USART.o
 .debug_abbrev  0x00000000      0x118 MCAL/USART.o
 .debug_loc     0x00000000      0x1fc MCAL/USART.o
 .debug_aranges
                0x00000000       0xa8 MCAL/USART.o
 .debug_ranges  0x00000000       0x98 MCAL/USART.o
 .debug_line    0x00000000      0x215 MCAL/USART.o
 .debug_str     0x00000000      0x41a MCAL/USART.o
 .comment       0x00000000       0x31 MCAL/USART.o
 .debug_frame   0x00000000      0x158 MCAL/USART.o
 .text          0x00000000        0x0 servtce/Timers_Services.o
 .data          0x00000000        0x0 servtce/Timers_Services.o
 .bss           0x00000000        0x0 servtce/Timers_Services.o
 .text.Timer_func
                0x00000000       0x5c servtce/Timers_Services.o
 .text.PWM_Freq_KHZ
                0x00000000       0x24 servtce/Timers_Services.o
 .text.PWM_Freq_HZ
                0x00000000       0x2c servtce/Timers_Services.o
 .text.PWM_Duty
                0x00000000       0x34 servtce/Timers_Services.o
 .text.Timer1_SetInterruptTime_ms
                0x00000000       0x26 servtce/Timers_Services.o
 .text.Timer1_SetInterruptTime_us
                0x00000000       0x12 servtce/Timers_Services.o
 .text.PWM_Measure2
                0x00000000       0xc0 servtce/Timers_Services.o
 .text.Timer1_SetInterruptTime_s
                0x00000000       0x60 servtce/Timers_Services.o
 .bss.c.2030    0x00000000        0x4 servtce/Timers_Services.o
 .bss.fptr_timer
                0x00000000        0x2 servtce/Timers_Services.o
 .bss.NofOverFlow
                0x00000000        0x4 servtce/Timers_Services.o
 .bss.flag      0x00000000        0x2 servtce/Timers_Services.o
 .bss.t3        0x00000000        0x2 servtce/Timers_Services.o
 .bss.t2        0x00000000        0x2 servtce/Timers_Services.o
 .bss.t1        0x00000000        0x2 servtce/Timers_Services.o
 .debug_info    0x00000000      0x541 servtce/Timers_Services.o
 .debug_abbrev  0x00000000      0x158 servtce/Timers_Services.o
 .debug_loc     0x00000000      0x395 servtce/Timers_Services.o
 .debug_aranges
                0x00000000       0x58 servtce/Timers_Services.o
 .debug_ranges  0x00000000       0x48 servtce/Timers_Services.o
 .debug_line    0x00000000      0x213 servtce/Timers_Services.o
 .debug_str     0x00000000      0x48c servtce/Timers_Services.o
 .comment       0x00000000       0x31 servtce/Timers_Services.o
 .debug_frame   0x00000000       0xe4 servtce/Timers_Services.o
 .text          0x00000000        0x0 servtce/UltraSonic.o
 .data          0x00000000        0x0 servtce/UltraSonic.o
 .bss           0x00000000        0x0 servtce/UltraSonic.o
 .text.ultra_sonic_sleep_period
                0x00000000       0x14 servtce/UltraSonic.o
 .text.ultra_sonic_isr
                0x00000000       0x2e servtce/UltraSonic.o
 .text.ultra_sonic_init
                0x00000000       0x16 servtce/UltraSonic.o
 .text.ultra_sonic_getter
                0x00000000       0x32 servtce/UltraSonic.o
 .text.ultra_sonic_trans_reciv
                0x00000000       0xf2 servtce/UltraSonic.o
 .text.periodic_measure_set
                0x00000000       0x40 servtce/UltraSonic.o
 .text.ultra_sonic_runnable
                0x00000000       0x28 servtce/UltraSonic.o
 .rodata.buffer_flag
                0x00000000        0x4 servtce/UltraSonic.o
 .bss.buffer2   0x00000000        0x2 servtce/UltraSonic.o
 .bss.buffer1   0x00000000        0x2 servtce/UltraSonic.o
 .debug_info    0x00000000      0x4d3 servtce/UltraSonic.o
 .debug_abbrev  0x00000000      0x1db servtce/UltraSonic.o
 .debug_loc     0x00000000       0xc5 servtce/UltraSonic.o
 .debug_aranges
                0x00000000       0x50 servtce/UltraSonic.o
 .debug_ranges  0x00000000       0x40 servtce/UltraSonic.o
 .debug_line    0x00000000      0x318 servtce/UltraSonic.o
 .debug_str     0x00000000      0x3fb servtce/UltraSonic.o
 .comment       0x00000000       0x31 servtce/UltraSonic.o
 .debug_frame   0x00000000       0x84 servtce/UltraSonic.o
 COMMON         0x00000000        0xb servtce/UltraSonic.o
 .text          0x00000000        0x0 servtce/USART_service.o
 .data          0x00000000        0x0 servtce/USART_service.o
 .bss           0x00000000        0x0 servtce/USART_service.o
 .text.send_complete_function
                0x00000000       0x32 servtce/USART_service.o
 .text.Recieve_complete_function
                0x00000000       0x5e servtce/USART_service.o
 .text.implement_USART_frame
                0x00000000       0x10 servtce/USART_service.o
 .text.transmit_USART_frame
                0x00000000       0xf2 servtce/USART_service.o
 .text.USART_SendString
                0x00000000       0x26 servtce/USART_service.o
 .text.USART_ReceiveString
                0x00000000       0x42 servtce/USART_service.o
 .text.USART_SendNumber
                0x00000000       0x2c servtce/USART_service.o
 .text.USART_RecieveNumber
                0x00000000       0x68 servtce/USART_service.o
 .text.endian_check
                0x00000000        0x4 servtce/USART_service.o
 .text.endian_convert
                0x00000000       0x8c servtce/USART_service.o
 .text.endian_convert16
                0x00000000        0x8 servtce/USART_service.o
 .text.USART_SendStringCheckSum
                0x00000000       0x58 servtce/USART_service.o
 .text.USART_ReceiveStringCheckSum
                0x00000000       0x68 servtce/USART_service.o
 .text.USART_sendstr_buffer
                0x00000000       0x36 servtce/USART_service.o
 .text.USART_sendstr_Runnable
                0x00000000       0xb4 servtce/USART_service.o
 .text.USART_receivestring_init
                0x00000000        0xa servtce/USART_service.o
 .text.USART_recivestr_getter
                0x00000000       0x4a servtce/USART_service.o
 .text.USART_send_buffer
                0x00000000       0x32 servtce/USART_service.o
 .text.USART_recive_buffer
                0x00000000       0x1e servtce/USART_service.o
 .bss.start_flag.2204
                0x00000000        0x1 servtce/USART_service.o
 .bss.i.2199    0x00000000        0x1 servtce/USART_service.o
 .bss.i.2188    0x00000000        0x1 servtce/USART_service.o
 .bss.start_flag.2187
                0x00000000        0x1 servtce/USART_service.o
 .bss.receivestr_buffer
                0x00000000       0x96 servtce/USART_service.o
 .bss.sendstr_buffer
                0x00000000       0x1e servtce/USART_service.o
 .rodata.receive_buffer
                0x00000000        0xf servtce/USART_service.o
 .bss.send_buffer
                0x00000000        0xf servtce/USART_service.o
 .bss.receive_buffer_index_RXC
                0x00000000        0x1 servtce/USART_service.o
 .bss.send_buffer_index_TXC
                0x00000000        0x1 servtce/USART_service.o
 .bss.receive_buffer_index
                0x00000000        0x1 servtce/USART_service.o
 .bss.send_buffer_index
                0x00000000        0x1 servtce/USART_service.o
 .data.frame    0x00000000        0x4 servtce/USART_service.o
 .debug_info    0x00000000      0xbc3 servtce/USART_service.o
 .debug_abbrev  0x00000000      0x315 servtce/USART_service.o
 .debug_loc     0x00000000      0xa0a servtce/USART_service.o
 .debug_aranges
                0x00000000       0xb0 servtce/USART_service.o
 .debug_ranges  0x00000000       0xb8 servtce/USART_service.o
 .debug_line    0x00000000      0x681 servtce/USART_service.o
 .debug_str     0x00000000      0x685 servtce/USART_service.o
 .comment       0x00000000       0x31 servtce/USART_service.o
 .debug_frame   0x00000000      0x218 servtce/USART_service.o
 .text          0x00000000        0x0 c:/program files (x86)/atmel/studio/7.0/toolchain/avr8/avr8-gnu-toolchain/bin/../lib/gcc/avr/5.4.0/../../../../avr/lib/avr5\libm.a(addsf3.o)
 .data          0x00000000        0x0 c:/program files (x86)/atmel/studio/7.0/toolchain/avr8/avr8-gnu-toolchain/bin/../lib/gcc/avr/5.4.0/../../../../avr/lib/avr5\libm.a(addsf3.o)
 .bss           0x00000000        0x0 c:/program files (x86)/atmel/studio/7.0/toolchain/avr8/avr8-gnu-toolchain/bin/../lib/gcc/avr/5.4.0/../../../../avr/lib/avr5\libm.a(addsf3.o)
 .text.avr-libc.fplib
                0x00000000        0xe c:/program files (x86)/atmel/studio/7.0/toolchain/avr8/avr8-gnu-toolchain/bin/../lib/gcc/avr/5.4.0/../../../../avr/lib/avr5\libm.a(addsf3.o)
 .text          0x00000000        0x0 c:/program files (x86)/atmel/studio/7.0/toolchain/avr8/avr8-gnu-toolchain/bin/../lib/gcc/avr/5.4.0/../../../../avr/lib/avr5\libm.a(addsf3x.o)
 .data          0x00000000        0x0 c:/program files (x86)/atmel/studio/7.0/toolchain/avr8/avr8-gnu-toolchain/bin/../lib/gcc/avr/5.4.0/../../../../avr/lib/avr5\libm.a(addsf3x.o)
 .bss           0x00000000        0x0 c:/program files (x86)/atmel/studio/7.0/toolchain/avr8/avr8-gnu-toolchain/bin/../lib/gcc/avr/5.4.0/../../../../avr/lib/avr5\libm.a(addsf3x.o)
 .text.avr-libc.fplib
                0x00000000       0xcc c:/program files (x86)/atmel/studio/7.0/toolchain/avr8/avr8-gnu-toolchain/bin/../lib/gcc/avr/5.4.0/../../../../avr/lib/avr5\libm.a(addsf3x.o)
 .text          0x00000000        0x0 c:/program files (x86)/atmel/studio/7.0/toolchain/avr8/avr8-gnu-toolchain/bin/../lib/gcc/avr/5.4.0/../../../../avr/lib/avr5\libm.a(fixsfsi.o)
 .data          0x00000000        0x0 c:/program files (x86)/atmel/studio/7.0/toolchain/avr8/avr8-gnu-toolchain/bin/../lib/gcc/avr/5.4.0/../../../../avr/lib/avr5\libm.a(fixsfsi.o)
 .bss           0x00000000        0x0 c:/program files (x86)/atmel/studio/7.0/toolchain/avr8/avr8-gnu-toolchain/bin/../lib/gcc/avr/5.4.0/../../../../avr/lib/avr5\libm.a(fixsfsi.o)
 .text.avr-libc.fplib
                0x00000000        0xe c:/program files (x86)/atmel/studio/7.0/toolchain/avr8/avr8-gnu-toolchain/bin/../lib/gcc/avr/5.4.0/../../../../avr/lib/avr5\libm.a(fixsfsi.o)
 .text          0x00000000        0x0 c:/program files (x86)/atmel/studio/7.0/toolchain/avr8/avr8-gnu-toolchain/bin/../lib/gcc/avr/5.4.0/../../../../avr/lib/avr5\libm.a(fixunssfsi.o)
 .data          0x00000000        0x0 c:/program files (x86)/atmel/studio/7.0/toolchain/avr8/avr8-gnu-toolchain/bin/../lib/gcc/avr/5.4.0/../../../../avr/lib/avr5\libm.a(fixunssfsi.o)
 .bss           0x00000000        0x0 c:/program files (x86)/atmel/studio/7.0/toolchain/avr8/avr8-gnu-toolchain/bin/../lib/gcc/avr/5.4.0/../../../../avr/lib/avr5\libm.a(fixunssfsi.o)
 .text.avr-libc.fplib
                0x00000000       0x5e c:/program files (x86)/atmel/studio/7.0/toolchain/avr8/avr8-gnu-toolchain/bin/../lib/gcc/avr/5.4.0/../../../../avr/lib/avr5\libm.a(fixunssfsi.o)
 .text          0x00000000        0x0 c:/program files (x86)/atmel/studio/7.0/toolchain/avr8/avr8-gnu-toolchain/bin/../lib/gcc/avr/5.4.0/../../../../avr/lib/avr5\libm.a(floatsisf.o)
 .data          0x00000000        0x0 c:/program files (x86)/atmel/studio/7.0/toolchain/avr8/avr8-gnu-toolchain/bin/../lib/gcc/avr/5.4.0/../../../../avr/lib/avr5\libm.a(floatsisf.o)
 .bss           0x00000000        0x0 c:/program files (x86)/atmel/studio/7.0/toolchain/avr8/avr8-gnu-toolchain/bin/../lib/gcc/avr/5.4.0/../../../../avr/lib/avr5\libm.a(floatsisf.o)
 .text.avr-libc.fplib
                0x00000000       0x7a c:/program files (x86)/atmel/studio/7.0/toolchain/avr8/avr8-gnu-toolchain/bin/../lib/gcc/avr/5.4.0/../../../../avr/lib/avr5\libm.a(floatsisf.o)
 .text          0x00000000        0x0 c:/program files (x86)/atmel/studio/7.0/toolchain/avr8/avr8-gnu-toolchain/bin/../lib/gcc/avr/5.4.0/../../../../avr/lib/avr5\libm.a(fp_inf.o)
 .data          0x00000000        0x0 c:/program files (x86)/atmel/studio/7.0/toolchain/avr8/avr8-gnu-toolchain/bin/../lib/gcc/avr/5.4.0/../../../../avr/lib/avr5\libm.a(fp_inf.o)
 .bss           0x00000000        0x0 c:/program files (x86)/atmel/studio/7.0/toolchain/avr8/avr8-gnu-toolchain/bin/../lib/gcc/avr/5.4.0/../../../../avr/lib/avr5\libm.a(fp_inf.o)
 .text.avr-libc.fplib
                0x00000000        0xc c:/program files (x86)/atmel/studio/7.0/toolchain/avr8/avr8-gnu-toolchain/bin/../lib/gcc/avr/5.4.0/../../../../avr/lib/avr5\libm.a(fp_inf.o)
 .text          0x00000000        0x0 c:/program files (x86)/atmel/studio/7.0/toolchain/avr8/avr8-gnu-toolchain/bin/../lib/gcc/avr/5.4.0/../../../../avr/lib/avr5\libm.a(fp_nan.o)
 .data          0x00000000        0x0 c:/program files (x86)/atmel/studio/7.0/toolchain/avr8/avr8-gnu-toolchain/bin/../lib/gcc/avr/5.4.0/../../../../avr/lib/avr5\libm.a(fp_nan.o)
 .bss           0x00000000        0x0 c:/program files (x86)/atmel/studio/7.0/toolchain/avr8/avr8-gnu-toolchain/bin/../lib/gcc/avr/5.4.0/../../../../avr/lib/avr5\libm.a(fp_nan.o)
 .text.avr-libc.fplib
                0x00000000        0x6 c:/program files (x86)/atmel/studio/7.0/toolchain/avr8/avr8-gnu-toolchain/bin/../lib/gcc/avr/5.4.0/../../../../avr/lib/avr5\libm.a(fp_nan.o)
 .text          0x00000000        0x0 c:/program files (x86)/atmel/studio/7.0/toolchain/avr8/avr8-gnu-toolchain/bin/../lib/gcc/avr/5.4.0/../../../../avr/lib/avr5\libm.a(fp_pscA.o)
 .data          0x00000000        0x0 c:/program files (x86)/atmel/studio/7.0/toolchain/avr8/avr8-gnu-toolchain/bin/../lib/gcc/avr/5.4.0/../../../../avr/lib/avr5\libm.a(fp_pscA.o)
 .bss           0x00000000        0x0 c:/program files (x86)/atmel/studio/7.0/toolchain/avr8/avr8-gnu-toolchain/bin/../lib/gcc/avr/5.4.0/../../../../avr/lib/avr5\libm.a(fp_pscA.o)
 .text.avr-libc.fplib
                0x00000000        0xe c:/program files (x86)/atmel/studio/7.0/toolchain/avr8/avr8-gnu-toolchain/bin/../lib/gcc/avr/5.4.0/../../../../avr/lib/avr5\libm.a(fp_pscA.o)
 .text          0x00000000        0x0 c:/program files (x86)/atmel/studio/7.0/toolchain/avr8/avr8-gnu-toolchain/bin/../lib/gcc/avr/5.4.0/../../../../avr/lib/avr5\libm.a(fp_pscB.o)
 .data          0x00000000        0x0 c:/program files (x86)/atmel/studio/7.0/toolchain/avr8/avr8-gnu-toolchain/bin/../lib/gcc/avr/5.4.0/../../../../avr/lib/avr5\libm.a(fp_pscB.o)
 .bss           0x00000000        0x0 c:/program files (x86)/atmel/studio/7.0/toolchain/avr8/avr8-gnu-toolchain/bin/../lib/gcc/avr/5.4.0/../../../../avr/lib/avr5\libm.a(fp_pscB.o)
 .text.avr-libc.fplib
                0x00000000        0xe c:/program files (x86)/atmel/studio/7.0/toolchain/avr8/avr8-gnu-toolchain/bin/../lib/gcc/avr/5.4.0/../../../../avr/lib/avr5\libm.a(fp_pscB.o)
 .text          0x00000000        0x0 c:/program files (x86)/atmel/studio/7.0/toolchain/avr8/avr8-gnu-toolchain/bin/../lib/gcc/avr/5.4.0/../../../../avr/lib/avr5\libm.a(fp_round.o)
 .data          0x00000000        0x0 c:/program files (x86)/atmel/studio/7.0/toolchain/avr8/avr8-gnu-toolchain/bin/../lib/gcc/avr/5.4.0/../../../../avr/lib/avr5\libm.a(fp_round.o)
 .bss           0x00000000        0x0 c:/program files (x86)/atmel/studio/7.0/toolchain/avr8/avr8-gnu-toolchain/bin/../lib/gcc/avr/5.4.0/../../../../avr/lib/avr5\libm.a(fp_round.o)
 .text.avr-libc.fplib
                0x00000000       0x22 c:/program files (x86)/atmel/studio/7.0/toolchain/avr8/avr8-gnu-toolchain/bin/../lib/gcc/avr/5.4.0/../../../../avr/lib/avr5\libm.a(fp_round.o)
 .text          0x00000000        0x0 c:/program files (x86)/atmel/studio/7.0/toolchain/avr8/avr8-gnu-toolchain/bin/../lib/gcc/avr/5.4.0/../../../../avr/lib/avr5\libm.a(fp_split3.o)
 .data          0x00000000        0x0 c:/program files (x86)/atmel/studio/7.0/toolchain/avr8/avr8-gnu-toolchain/bin/../lib/gcc/avr/5.4.0/../../../../avr/lib/avr5\libm.a(fp_split3.o)
 .bss           0x00000000        0x0 c:/program files (x86)/atmel/studio/7.0/toolchain/avr8/avr8-gnu-toolchain/bin/../lib/gcc/avr/5.4.0/../../../../avr/lib/avr5\libm.a(fp_split3.o)
 .text.avr-libc.fplib
                0x00000000       0x44 c:/program files (x86)/atmel/studio/7.0/toolchain/avr8/avr8-gnu-toolchain/bin/../lib/gcc/avr/5.4.0/../../../../avr/lib/avr5\libm.a(fp_split3.o)
 .text          0x00000000        0x0 c:/program files (x86)/atmel/studio/7.0/toolchain/avr8/avr8-gnu-toolchain/bin/../lib/gcc/avr/5.4.0/../../../../avr/lib/avr5\libm.a(fp_zero.o)
 .data          0x00000000        0x0 c:/program files (x86)/atmel/studio/7.0/toolchain/avr8/avr8-gnu-toolchain/bin/../lib/gcc/avr/5.4.0/../../../../avr/lib/avr5\libm.a(fp_zero.o)
 .bss           0x00000000        0x0 c:/program files (x86)/atmel/studio/7.0/toolchain/avr8/avr8-gnu-toolchain/bin/../lib/gcc/avr/5.4.0/../../../../avr/lib/avr5\libm.a(fp_zero.o)
 .text.avr-libc.fplib
                0x00000000        0xe c:/program files (x86)/atmel/studio/7.0/toolchain/avr8/avr8-gnu-toolchain/bin/../lib/gcc/avr/5.4.0/../../../../avr/lib/avr5\libm.a(fp_zero.o)
 .text          0x00000000        0x0 c:/program files (x86)/atmel/studio/7.0/toolchain/avr8/avr8-gnu-toolchain/bin/../lib/gcc/avr/5.4.0/../../../../avr/lib/avr5\libm.a(mulsf3.o)
 .data          0x00000000        0x0 c:/program files (x86)/atmel/studio/7.0/toolchain/avr8/avr8-gnu-toolchain/bin/../lib/gcc/avr/5.4.0/../../../../avr/lib/avr5\libm.a(mulsf3.o)
 .bss           0x00000000        0x0 c:/program files (x86)/atmel/studio/7.0/toolchain/avr8/avr8-gnu-toolchain/bin/../lib/gcc/avr/5.4.0/../../../../avr/lib/avr5\libm.a(mulsf3.o)
 .text.avr-libc.fplib
                0x00000000        0x8 c:/program files (x86)/atmel/studio/7.0/toolchain/avr8/avr8-gnu-toolchain/bin/../lib/gcc/avr/5.4.0/../../../../avr/lib/avr5\libm.a(mulsf3.o)
 .text          0x00000000        0x0 c:/program files (x86)/atmel/studio/7.0/toolchain/avr8/avr8-gnu-toolchain/bin/../lib/gcc/avr/5.4.0/../../../../avr/lib/avr5\libm.a(mulsf3x.o)
 .data          0x00000000        0x0 c:/program files (x86)/atmel/studio/7.0/toolchain/avr8/avr8-gnu-toolchain/bin/../lib/gcc/avr/5.4.0/../../../../avr/lib/avr5\libm.a(mulsf3x.o)
 .bss           0x00000000        0x0 c:/program files (x86)/atmel/studio/7.0/toolchain/avr8/avr8-gnu-toolchain/bin/../lib/gcc/avr/5.4.0/../../../../avr/lib/avr5\libm.a(mulsf3x.o)
 .text.avr-libc.fplib
                0x00000000       0xd2 c:/program files (x86)/atmel/studio/7.0/toolchain/avr8/avr8-gnu-toolchain/bin/../lib/gcc/avr/5.4.0/../../../../avr/lib/avr5\libm.a(mulsf3x.o)
 .text          0x00000000        0x0 c:/program files (x86)/atmel/studio/7.0/toolchain/avr8/avr8-gnu-toolchain/bin/../lib/gcc/avr/5.4.0/avr5\libgcc.a(_udivmodhi4.o)
 .data          0x00000000        0x0 c:/program files (x86)/atmel/studio/7.0/toolchain/avr8/avr8-gnu-toolchain/bin/../lib/gcc/avr/5.4.0/avr5\libgcc.a(_udivmodhi4.o)
 .bss           0x00000000        0x0 c:/program files (x86)/atmel/studio/7.0/toolchain/avr8/avr8-gnu-toolchain/bin/../lib/gcc/avr/5.4.0/avr5\libgcc.a(_udivmodhi4.o)
 .text.libgcc.mul
                0x00000000        0x0 c:/program files (x86)/atmel/studio/7.0/toolchain/avr8/avr8-gnu-toolchain/bin/../lib/gcc/avr/5.4.0/avr5\libgcc.a(_udivmodhi4.o)
 .text.libgcc.div
                0x00000000       0x28 c:/program files (x86)/atmel/studio/7.0/toolchain/avr8/avr8-gnu-toolchain/bin/../lib/gcc/avr/5.4.0/avr5\libgcc.a(_udivmodhi4.o)
 .text.libgcc   0x00000000        0x0 c:/program files (x86)/atmel/studio/7.0/toolchain/avr8/avr8-gnu-toolchain/bin/../lib/gcc/avr/5.4.0/avr5\libgcc.a(_udivmodhi4.o)
 .text.libgcc.prologue
                0x00000000        0x0 c:/program files (x86)/atmel/studio/7.0/toolchain/avr8/avr8-gnu-toolchain/bin/../lib/gcc/avr/5.4.0/avr5\libgcc.a(_udivmodhi4.o)
 .text.libgcc.builtins
                0x00000000        0x0 c:/program files (x86)/atmel/studio/7.0/toolchain/avr8/avr8-gnu-toolchain/bin/../lib/gcc/avr/5.4.0/avr5\libgcc.a(_udivmodhi4.o)
 .text.libgcc.fmul
                0x00000000        0x0 c:/program files (x86)/atmel/studio/7.0/toolchain/avr8/avr8-gnu-toolchain/bin/../lib/gcc/avr/5.4.0/avr5\libgcc.a(_udivmodhi4.o)
 .text.libgcc.fixed
                0x00000000        0x0 c:/program files (x86)/atmel/studio/7.0/toolchain/avr8/avr8-gnu-toolchain/bin/../lib/gcc/avr/5.4.0/avr5\libgcc.a(_udivmodhi4.o)
 .text          0x00000000        0x0 c:/program files (x86)/atmel/studio/7.0/toolchain/avr8/avr8-gnu-toolchain/bin/../lib/gcc/avr/5.4.0/avr5\libgcc.a(_udivmodsi4.o)
 .data          0x00000000        0x0 c:/program files (x86)/atmel/studio/7.0/toolchain/avr8/avr8-gnu-toolchain/bin/../lib/gcc/avr/5.4.0/avr5\libgcc.a(_udivmodsi4.o)
 .bss           0x00000000        0x0 c:/program files (x86)/atmel/studio/7.0/toolchain/avr8/avr8-gnu-toolchain/bin/../lib/gcc/avr/5.4.0/avr5\libgcc.a(_udivmodsi4.o)
 .text.libgcc.mul
                0x00000000        0x0 c:/program files (x86)/atmel/studio/7.0/toolchain/avr8/avr8-gnu-toolchain/bin/../lib/gcc/avr/5.4.0/avr5\libgcc.a(_udivmodsi4.o)
 .text.libgcc   0x00000000        0x0 c:/program files (x86)/atmel/studio/7.0/toolchain/avr8/avr8-gnu-toolchain/bin/../lib/gcc/avr/5.4.0/avr5\libgcc.a(_udivmodsi4.o)
 .text.libgcc.prologue
                0x00000000        0x0 c:/program files (x86)/atmel/studio/7.0/toolchain/avr8/avr8-gnu-toolchain/bin/../lib/gcc/avr/5.4.0/avr5\libgcc.a(_udivmodsi4.o)
 .text.libgcc.builtins
                0x00000000        0x0 c:/program files (x86)/atmel/studio/7.0/toolchain/avr8/avr8-gnu-toolchain/bin/../lib/gcc/avr/5.4.0/avr5\libgcc.a(_udivmodsi4.o)
 .text.libgcc.fmul
                0x00000000        0x0 c:/program files (x86)/atmel/studio/7.0/toolchain/avr8/avr8-gnu-toolchain/bin/../lib/gcc/avr/5.4.0/avr5\libgcc.a(_udivmodsi4.o)
 .text.libgcc.fixed
                0x00000000        0x0 c:/program files (x86)/atmel/studio/7.0/toolchain/avr8/avr8-gnu-toolchain/bin/../lib/gcc/avr/5.4.0/avr5\libgcc.a(_udivmodsi4.o)
 .text          0x00000000        0x0 c:/program files (x86)/atmel/studio/7.0/toolchain/avr8/avr8-gnu-toolchain/bin/../lib/gcc/avr/5.4.0/avr5\libgcc.a(_divmodsi4.o)
 .data          0x00000000        0x0 c:/program files (x86)/atmel/studio/7.0/toolchain/avr8/avr8-gnu-toolchain/bin/../lib/gcc/avr/5.4.0/avr5\libgcc.a(_divmodsi4.o)
 .bss           0x00000000        0x0 c:/program files (x86)/atmel/studio/7.0/toolchain/avr8/avr8-gnu-toolchain/bin/../lib/gcc/avr/5.4.0/avr5\libgcc.a(_divmodsi4.o)
 .text.libgcc.mul
                0x00000000        0x0 c:/program files (x86)/atmel/studio/7.0/toolchain/avr8/avr8-gnu-toolchain/bin/../lib/gcc/avr/5.4.0/avr5\libgcc.a(_divmodsi4.o)
 .text.libgcc.div
                0x00000000       0x2e c:/program files (x86)/atmel/studio/7.0/toolchain/avr8/avr8-gnu-toolchain/bin/../lib/gcc/avr/5.4.0/avr5\libgcc.a(_divmodsi4.o)
 .text.libgcc   0x00000000        0x0 c:/program files (x86)/atmel/studio/7.0/toolchain/avr8/avr8-gnu-toolchain/bin/../lib/gcc/avr/5.4.0/avr5\libgcc.a(_divmodsi4.o)
 .text.libgcc.prologue
                0x00000000        0x0 c:/program files (x86)/atmel/studio/7.0/toolchain/avr8/avr8-gnu-toolchain/bin/../lib/gcc/avr/5.4.0/avr5\libgcc.a(_divmodsi4.o)
 .text.libgcc.builtins
                0x00000000        0x0 c:/program files (x86)/atmel/studio/7.0/toolchain/avr8/avr8-gnu-toolchain/bin/../lib/gcc/avr/5.4.0/avr5\libgcc.a(_divmodsi4.o)
 .text.libgcc.fmul
                0x00000000        0x0 c:/program files (x86)/atmel/studio/7.0/toolchain/avr8/avr8-gnu-toolchain/bin/../lib/gcc/avr/5.4.0/avr5\libgcc.a(_divmodsi4.o)
 .text.libgcc.fixed
                0x00000000        0x0 c:/program files (x86)/atmel/studio/7.0/toolchain/avr8/avr8-gnu-toolchain/bin/../lib/gcc/avr/5.4.0/avr5\libgcc.a(_divmodsi4.o)
 .text          0x00000000        0x0 c:/program files (x86)/atmel/studio/7.0/toolchain/avr8/avr8-gnu-toolchain/bin/../lib/gcc/avr/5.4.0/avr5\libgcc.a(_negsi2.o)
 .data          0x00000000        0x0 c:/program files (x86)/atmel/studio/7.0/toolchain/avr8/avr8-gnu-toolchain/bin/../lib/gcc/avr/5.4.0/avr5\libgcc.a(_negsi2.o)
 .bss           0x00000000        0x0 c:/program files (x86)/atmel/studio/7.0/toolchain/avr8/avr8-gnu-toolchain/bin/../lib/gcc/avr/5.4.0/avr5\libgcc.a(_negsi2.o)
 .text.libgcc.mul
                0x00000000        0x0 c:/program files (x86)/atmel/studio/7.0/toolchain/avr8/avr8-gnu-toolchain/bin/../lib/gcc/avr/5.4.0/avr5\libgcc.a(_negsi2.o)
 .text.libgcc.div
                0x00000000       0x10 c:/program files (x86)/atmel/studio/7.0/toolchain/avr8/avr8-gnu-toolchain/bin/../lib/gcc/avr/5.4.0/avr5\libgcc.a(_negsi2.o)
 .text.libgcc   0x00000000        0x0 c:/program files (x86)/atmel/studio/7.0/toolchain/avr8/avr8-gnu-toolchain/bin/../lib/gcc/avr/5.4.0/avr5\libgcc.a(_negsi2.o)
 .text.libgcc.prologue
                0x00000000        0x0 c:/program files (x86)/atmel/studio/7.0/toolchain/avr8/avr8-gnu-toolchain/bin/../lib/gcc/avr/5.4.0/avr5\libgcc.a(_negsi2.o)
 .text.libgcc.builtins
                0x00000000        0x0 c:/program files (x86)/atmel/studio/7.0/toolchain/avr8/avr8-gnu-toolchain/bin/../lib/gcc/avr/5.4.0/avr5\libgcc.a(_negsi2.o)
 .text.libgcc.fmul
                0x00000000        0x0 c:/program files (x86)/atmel/studio/7.0/toolchain/avr8/avr8-gnu-toolchain/bin/../lib/gcc/avr/5.4.0/avr5\libgcc.a(_negsi2.o)
 .text.libgcc.fixed
                0x00000000        0x0 c:/program files (x86)/atmel/studio/7.0/toolchain/avr8/avr8-gnu-toolchain/bin/../lib/gcc/avr/5.4.0/avr5\libgcc.a(_negsi2.o)
 .text          0x00000000        0x0 c:/program files (x86)/atmel/studio/7.0/toolchain/avr8/avr8-gnu-toolchain/bin/../lib/gcc/avr/5.4.0/avr5\libgcc.a(_exit.o)
 .data          0x00000000        0x0 c:/program files (x86)/atmel/studio/7.0/toolchain/avr8/avr8-gnu-toolchain/bin/../lib/gcc/avr/5.4.0/avr5\libgcc.a(_exit.o)
 .bss           0x00000000        0x0 c:/program files (x86)/atmel/studio/7.0/toolchain/avr8/avr8-gnu-toolchain/bin/../lib/gcc/avr/5.4.0/avr5\libgcc.a(_exit.o)
 .text.libgcc.mul
                0x00000000        0x0 c:/program files (x86)/atmel/studio/7.0/toolchain/avr8/avr8-gnu-toolchain/bin/../lib/gcc/avr/5.4.0/avr5\libgcc.a(_exit.o)
 .text.libgcc.div
                0x00000000        0x0 c:/program files (x86)/atmel/studio/7.0/toolchain/avr8/avr8-gnu-toolchain/bin/../lib/gcc/avr/5.4.0/avr5\libgcc.a(_exit.o)
 .text.libgcc   0x00000000        0x0 c:/program files (x86)/atmel/studio/7.0/toolchain/avr8/avr8-gnu-toolchain/bin/../lib/gcc/avr/5.4.0/avr5\libgcc.a(_exit.o)
 .text.libgcc.prologue
                0x00000000        0x0 c:/program files (x86)/atmel/studio/7.0/toolchain/avr8/avr8-gnu-toolchain/bin/../lib/gcc/avr/5.4.0/avr5\libgcc.a(_exit.o)
 .text.libgcc.builtins
                0x00000000        0x0 c:/program files (x86)/atmel/studio/7.0/toolchain/avr8/avr8-gnu-toolchain/bin/../lib/gcc/avr/5.4.0/avr5\libgcc.a(_exit.o)
 .text.libgcc.fmul
                0x00000000        0x0 c:/program files (x86)/atmel/studio/7.0/toolchain/avr8/avr8-gnu-toolchain/bin/../lib/gcc/avr/5.4.0/avr5\libgcc.a(_exit.o)
 .text.libgcc.fixed
                0x00000000        0x0 c:/program files (x86)/atmel/studio/7.0/toolchain/avr8/avr8-gnu-toolchain/bin/../lib/gcc/avr/5.4.0/avr5\libgcc.a(_exit.o)
 .text          0x00000000        0x0 c:/program files (x86)/atmel/studio/7.0/toolchain/avr8/avr8-gnu-toolchain/bin/../lib/gcc/avr/5.4.0/avr5\libgcc.a(_copy_data.o)
 .data          0x00000000        0x0 c:/program files (x86)/atmel/studio/7.0/toolchain/avr8/avr8-gnu-toolchain/bin/../lib/gcc/avr/5.4.0/avr5\libgcc.a(_copy_data.o)
 .bss           0x00000000        0x0 c:/program files (x86)/atmel/studio/7.0/toolchain/avr8/avr8-gnu-toolchain/bin/../lib/gcc/avr/5.4.0/avr5\libgcc.a(_copy_data.o)
 .text.libgcc.mul
                0x00000000        0x0 c:/program files (x86)/atmel/studio/7.0/toolchain/avr8/avr8-gnu-toolchain/bin/../lib/gcc/avr/5.4.0/avr5\libgcc.a(_copy_data.o)
 .text.libgcc.div
                0x00000000        0x0 c:/program files (x86)/atmel/studio/7.0/toolchain/avr8/avr8-gnu-toolchain/bin/../lib/gcc/avr/5.4.0/avr5\libgcc.a(_copy_data.o)
 .text.libgcc   0x00000000        0x0 c:/program files (x86)/atmel/studio/7.0/toolchain/avr8/avr8-gnu-toolchain/bin/../lib/gcc/avr/5.4.0/avr5\libgcc.a(_copy_data.o)
 .text.libgcc.prologue
                0x00000000        0x0 c:/program files (x86)/atmel/studio/7.0/toolchain/avr8/avr8-gnu-toolchain/bin/../lib/gcc/avr/5.4.0/avr5\libgcc.a(_copy_data.o)
 .text.libgcc.builtins
                0x00000000        0x0 c:/program files (x86)/atmel/studio/7.0/toolchain/avr8/avr8-gnu-toolchain/bin/../lib/gcc/avr/5.4.0/avr5\libgcc.a(_copy_data.o)
 .text.libgcc.fmul
                0x00000000        0x0 c:/program files (x86)/atmel/studio/7.0/toolchain/avr8/avr8-gnu-toolchain/bin/../lib/gcc/avr/5.4.0/avr5\libgcc.a(_copy_data.o)
 .text.libgcc.fixed
                0x00000000        0x0 c:/program files (x86)/atmel/studio/7.0/toolchain/avr8/avr8-gnu-toolchain/bin/../lib/gcc/avr/5.4.0/avr5\libgcc.a(_copy_data.o)
 .text          0x00000000        0x0 c:/program files (x86)/atmel/studio/7.0/toolchain/avr8/avr8-gnu-toolchain/bin/../lib/gcc/avr/5.4.0/avr5\libgcc.a(_clear_bss.o)
 .data          0x00000000        0x0 c:/program files (x86)/atmel/studio/7.0/toolchain/avr8/avr8-gnu-toolchain/bin/../lib/gcc/avr/5.4.0/avr5\libgcc.a(_clear_bss.o)
 .bss           0x00000000        0x0 c:/program files (x86)/atmel/studio/7.0/toolchain/avr8/avr8-gnu-toolchain/bin/../lib/gcc/avr/5.4.0/avr5\libgcc.a(_clear_bss.o)
 .text.libgcc.mul
                0x00000000        0x0 c:/program files (x86)/atmel/studio/7.0/toolchain/avr8/avr8-gnu-toolchain/bin/../lib/gcc/avr/5.4.0/avr5\libgcc.a(_clear_bss.o)
 .text.libgcc.div
                0x00000000        0x0 c:/program files (x86)/atmel/studio/7.0/toolchain/avr8/avr8-gnu-toolchain/bin/../lib/gcc/avr/5.4.0/avr5\libgcc.a(_clear_bss.o)
 .text.libgcc   0x00000000        0x0 c:/program files (x86)/atmel/studio/7.0/toolchain/avr8/avr8-gnu-toolchain/bin/../lib/gcc/avr/5.4.0/avr5\libgcc.a(_clear_bss.o)
 .text.libgcc.prologue
                0x00000000        0x0 c:/program files (x86)/atmel/studio/7.0/toolchain/avr8/avr8-gnu-toolchain/bin/../lib/gcc/avr/5.4.0/avr5\libgcc.a(_clear_bss.o)
 .text.libgcc.builtins
                0x00000000        0x0 c:/program files (x86)/atmel/studio/7.0/toolchain/avr8/avr8-gnu-toolchain/bin/../lib/gcc/avr/5.4.0/avr5\libgcc.a(_clear_bss.o)
 .text.libgcc.fmul
                0x00000000        0x0 c:/program files (x86)/atmel/studio/7.0/toolchain/avr8/avr8-gnu-toolchain/bin/../lib/gcc/avr/5.4.0/avr5\libgcc.a(_clear_bss.o)
 .text.libgcc.fixed
                0x00000000        0x0 c:/program files (x86)/atmel/studio/7.0/toolchain/avr8/avr8-gnu-toolchain/bin/../lib/gcc/avr/5.4.0/avr5\libgcc.a(_clear_bss.o)
 .text          0x00000000        0x0 c:/program files (x86)/atmel/studio/7.0/toolchain/avr8/avr8-gnu-toolchain/bin/../lib/gcc/avr/5.4.0/avr5\libgcc.a(_umulhisi3.o)
 .data          0x00000000        0x0 c:/program files (x86)/atmel/studio/7.0/toolchain/avr8/avr8-gnu-toolchain/bin/../lib/gcc/avr/5.4.0/avr5\libgcc.a(_umulhisi3.o)
 .bss           0x00000000        0x0 c:/program files (x86)/atmel/studio/7.0/toolchain/avr8/avr8-gnu-toolchain/bin/../lib/gcc/avr/5.4.0/avr5\libgcc.a(_umulhisi3.o)
 .text.libgcc.mul
                0x00000000       0x1e c:/program files (x86)/atmel/studio/7.0/toolchain/avr8/avr8-gnu-toolchain/bin/../lib/gcc/avr/5.4.0/avr5\libgcc.a(_umulhisi3.o)
 .text.libgcc.div
                0x00000000        0x0 c:/program files (x86)/atmel/studio/7.0/toolchain/avr8/avr8-gnu-toolchain/bin/../lib/gcc/avr/5.4.0/avr5\libgcc.a(_umulhisi3.o)
 .text.libgcc   0x00000000        0x0 c:/program files (x86)/atmel/studio/7.0/toolchain/avr8/avr8-gnu-toolchain/bin/../lib/gcc/avr/5.4.0/avr5\libgcc.a(_umulhisi3.o)
 .text.libgcc.prologue
                0x00000000        0x0 c:/program files (x86)/atmel/studio/7.0/toolchain/avr8/avr8-gnu-toolchain/bin/../lib/gcc/avr/5.4.0/avr5\libgcc.a(_umulhisi3.o)
 .text.libgcc.builtins
                0x00000000        0x0 c:/program files (x86)/atmel/studio/7.0/toolchain/avr8/avr8-gnu-toolchain/bin/../lib/gcc/avr/5.4.0/avr5\libgcc.a(_umulhisi3.o)
 .text.libgcc.fmul
                0x00000000        0x0 c:/program files (x86)/atmel/studio/7.0/toolchain/avr8/avr8-gnu-toolchain/bin/../lib/gcc/avr/5.4.0/avr5\libgcc.a(_umulhisi3.o)
 .text.libgcc.fixed
                0x00000000        0x0 c:/program files (x86)/atmel/studio/7.0/toolchain/avr8/avr8-gnu-toolchain/bin/../lib/gcc/avr/5.4.0/avr5\libgcc.a(_umulhisi3.o)
 .text          0x00000000        0x0 c:/program files (x86)/atmel/studio/7.0/toolchain/avr8/avr8-gnu-toolchain/bin/../lib/gcc/avr/5.4.0/avr5\libgcc.a(_muluhisi3.o)
 .data          0x00000000        0x0 c:/program files (x86)/atmel/studio/7.0/toolchain/avr8/avr8-gnu-toolchain/bin/../lib/gcc/avr/5.4.0/avr5\libgcc.a(_muluhisi3.o)
 .bss           0x00000000        0x0 c:/program files (x86)/atmel/studio/7.0/toolchain/avr8/avr8-gnu-toolchain/bin/../lib/gcc/avr/5.4.0/avr5\libgcc.a(_muluhisi3.o)
 .text.libgcc.mul
                0x00000000       0x16 c:/program files (x86)/atmel/studio/7.0/toolchain/avr8/avr8-gnu-toolchain/bin/../lib/gcc/avr/5.4.0/avr5\libgcc.a(_muluhisi3.o)
 .text.libgcc.div
                0x00000000        0x0 c:/program files (x86)/atmel/studio/7.0/toolchain/avr8/avr8-gnu-toolchain/bin/../lib/gcc/avr/5.4.0/avr5\libgcc.a(_muluhisi3.o)
 .text.libgcc   0x00000000        0x0 c:/program files (x86)/atmel/studio/7.0/toolchain/avr8/avr8-gnu-toolchain/bin/../lib/gcc/avr/5.4.0/avr5\libgcc.a(_muluhisi3.o)
 .text.libgcc.prologue
                0x00000000        0x0 c:/program files (x86)/atmel/studio/7.0/toolchain/avr8/avr8-gnu-toolchain/bin/../lib/gcc/avr/5.4.0/avr5\libgcc.a(_muluhisi3.o)
 .text.libgcc.builtins
                0x00000000        0x0 c:/program files (x86)/atmel/studio/7.0/toolchain/avr8/avr8-gnu-toolchain/bin/../lib/gcc/avr/5.4.0/avr5\libgcc.a(_muluhisi3.o)
 .text.libgcc.fmul
                0x00000000        0x0 c:/program files (x86)/atmel/studio/7.0/toolchain/avr8/avr8-gnu-toolchain/bin/../lib/gcc/avr/5.4.0/avr5\libgcc.a(_muluhisi3.o)
 .text.libgcc.fixed
                0x00000000        0x0 c:/program files (x86)/atmel/studio/7.0/toolchain/avr8/avr8-gnu-toolchain/bin/../lib/gcc/avr/5.4.0/avr5\libgcc.a(_muluhisi3.o)

Memory Configuration

Name             Origin             Length             Attributes
text             0x00000000         0x00008000         xr
data             0x00800060         0x00000800         rw !x
eeprom           0x00810000         0x00000400         rw !x
fuse             0x00820000         0x00000002         rw !x
lock             0x00830000         0x00000400         rw !x
signature        0x00840000         0x00000400         rw !x
user_signatures  0x00850000         0x00000400         rw !x
*default*        0x00000000         0xffffffff

Linker script and memory map

LOAD C:/Program Files (x86)/Atmel/Studio/7.0/Packs/atmel/ATmega_DFP/1.7.374/gcc/dev/atmega32/avr5/crtatmega32.o
LOAD APP/RGB.o
LOAD APP/servo.o
LOAD APP/smart_home.o
LOAD CFG/DIO_Cfg.o
LOAD CFG/keypad_Cfg.o
LOAD CFG/MOTOR_CFG.o
LOAD CFG/UART_cfg.o
LOAD HAL/KeyPad.o
LOAD HAL/LCD.o
LOAD HAL/led.o
LOAD HAL/motor.o
LOAD HAL/Sensor.o
LOAD HAL/seven_seg.o
LOAD main.o
LOAD MCAL/ADC.o
LOAD MCAL/DIO.o
LOAD MCAL/EEPROM.o
LOAD MCAL/interrupt.o
LOAD MCAL/Timers.o
LOAD MCAL/UART.o
LOAD MCAL/USART.o
LOAD servtce/Timers_Services.o
LOAD servtce/UltraSonic.o
LOAD servtce/USART_service.o
START GROUP
LOAD c:/program files (x86)/atmel/studio/7.0/toolchain/avr8/avr8-gnu-toolchain/bin/../lib/gcc/avr/5.4.0/../../../../avr/lib/avr5\libm.a
END GROUP
START GROUP
LOAD c:/program files (x86)/atmel/studio/7.0/toolchain/avr8/avr8-gnu-toolchain/bin/../lib/gcc/avr/5.4.0/avr5\libgcc.a
LOAD c:/program files (x86)/atmel/studio/7.0/toolchain/avr8/avr8-gnu-toolchain/bin/../lib/gcc/avr/5.4.0/../../../../avr/lib/avr5\libm.a
LOAD c:/program files (x86)/atmel/studio/7.0/toolchain/avr8/avr8-gnu-toolchain/bin/../lib/gcc/avr/5.4.0/../../../../avr/lib/avr5\libc.a
LOAD C:/Program Files (x86)/Atmel/Studio/7.0/Packs/atmel/ATmega_DFP/1.7.374/gcc/dev/atmega32/avr5\libatmega32.a
END GROUP
                0x00000000                __TEXT_REGION_ORIGIN__ = DEFINED (__TEXT_REGION_ORIGIN__)?__TEXT_REGION_ORIGIN__:0x0
                [0x00800060]                __DATA_REGION_ORIGIN__ = DEFINED (__DATA_REGION_ORIGIN__)?__DATA_REGION_ORIGIN__:0x800060
                [0x00008000]                __TEXT_REGION_LENGTH__ = DEFINED (__TEXT_REGION_LENGTH__)?__TEXT_REGION_LENGTH__:0x20000
                [0x00000800]                __DATA_REGION_LENGTH__ = DEFINED (__DATA_REGION_LENGTH__)?__DATA_REGION_LENGTH__:0xffa0
                [0x00000400]                __EEPROM_REGION_LENGTH__ = DEFINED (__EEPROM_REGION_LENGTH__)?__EEPROM_REGION_LENGTH__:0x10000
                [0x00000002]                __FUSE_REGION_LENGTH__ = DEFINED (__FUSE_REGION_LENGTH__)?__FUSE_REGION_LENGTH__:0x400
                0x00000400                __LOCK_REGION_LENGTH__ = DEFINED (__LOCK_REGION_LENGTH__)?__LOCK_REGION_LENGTH__:0x400
                0x00000400                __SIGNATURE_REGION_LENGTH__ = DEFINED (__SIGNATURE_REGION_LENGTH__)?__SIGNATURE_REGION_LENGTH__:0x400
                0x00000400                __USER_SIGNATURE_REGION_LENGTH__ = DEFINED (__USER_SIGNATURE_REGION_LENGTH__)?__USER_SIGNATURE_REGION_LENGTH__:0x400

.hash
 *(.hash)

.dynsym
 *(.dynsym)

.dynstr
 *(.dynstr)

.gnu.version
 *(.gnu.version)

.gnu.version_d
 *(.gnu.version_d)

.gnu.version_r
 *(.gnu.version_r)

.rel.init
 *(.rel.init)

.rela.init
 *(.rela.init)

.rel.text
 *(.rel.text)
 *(.rel.text.*)
 *(.rel.gnu.linkonce.t*)

.rela.text
 *(.rela.text)
 *(.rela.text.*)
 *(.rela.gnu.linkonce.t*)

.rel.fini
 *(.rel.fini)

.rela.fini
 *(.rela.fini)

.rel.rodata
 *(.rel.rodata)
 *(.rel.rodata.*)
 *(.rel.gnu.linkonce.r*)

.rela.rodata
 *(.rela.rodata)
 *(.rela.rodata.*)
 *(.rela.gnu.linkonce.r*)

.rel.data
 *(.rel.data)
 *(.rel.data.*)
 *(.rel.gnu.linkonce.d*)

.rela.data
 *(.rela.data)
 *(.rela.data.*)
 *(.rela.gnu.linkonce.d*)

.rel.ctors
 *(.rel.ctors)

.rela.ctors
 *(.rela.ctors)

.rel.dtors
 *(.rel.dtors)

.rela.dtors
 *(.rela.dtors)

.rel.got
 *(.rel.got)

.rela.got
 *(.rela.got)

.rel.bss
 *(.rel.bss)

.rela.bss
 *(.rela.bss)

.rel.plt
 *(.rel.plt)

.rela.plt
 *(.rela.plt)

.text           0x00000000      0x9ee
 *(.vectors)
 .vectors       0x00000000       0x54 C:/Program Files (x86)/Atmel/Studio/7.0/Packs/atmel/ATmega_DFP/1.7.374/gcc/dev/atmega32/avr5/crtatmega32.o
                0x00000000                __vector_default
                0x00000000                __vectors
 *(.vectors)
 *(.progmem.gcc*)
                0x00000054                . = ALIGN (0x2)
                0x00000054                __trampolines_start = .
 *(.trampolines)
 .trampolines   0x00000054        0x0 linker stubs
 *(.trampolines*)
                0x00000054                __trampolines_end = .
 *libprintf_flt.a:*(.progmem.data)
 *libc.a:*(.progmem.data)
 *(.progmem*)
                0x00000054                . = ALIGN (0x2)
 *(.jumptables)
 *(.jumptables*)
 *(.lowtext)
 *(.lowtext*)
                0x00000054                __ctors_start = .
 *(.ctors)
                0x00000054                __ctors_end = .
                0x00000054                __dtors_start = .
 *(.dtors)
                0x00000054                __dtors_end = .
 SORT(*)(.ctors)
 SORT(*)(.dtors)
 *(.init0)
 .init0         0x00000054        0x0 C:/Program Files (x86)/Atmel/Studio/7.0/Packs/atmel/ATmega_DFP/1.7.374/gcc/dev/atmega32/avr5/crtatmega32.o
                0x00000054                __init
 *(.init0)
 *(.init1)
 *(.init1)
 *(.init2)
 .init2         0x00000054        0xc C:/Program Files (x86)/Atmel/Studio/7.0/Packs/atmel/ATmega_DFP/1.7.374/gcc/dev/atmega32/avr5/crtatmega32.o
 *(.init2)
 *(.init3)
 *(.init3)
 *(.init4)
 .init4         0x00000060       0x16 c:/program files (x86)/atmel/studio/7.0/toolchain/avr8/avr8-gnu-toolchain/bin/../lib/gcc/avr/5.4.0/avr5\libgcc.a(_copy_data.o)
                0x00000060                __do_copy_data
 .init4         0x00000076       0x10 c:/program files (x86)/atmel/studio/7.0/toolchain/avr8/avr8-gnu-toolchain/bin/../lib/gcc/avr/5.4.0/avr5\libgcc.a(_clear_bss.o)
                0x00000076                __do_clear_bss
 *(.init4)
 *(.init5)
 *(.init5)
 *(.init6)
 *(.init6)
 *(.init7)
 *(.init7)
 *(.init8)
 *(.init8)
 *(.init9)
 .init9         0x00000086        0x8 C:/Program Files (x86)/Atmel/Studio/7.0/Packs/atmel/ATmega_DFP/1.7.374/gcc/dev/atmega32/avr5/crtatmega32.o
 *(.init9)
 *(.text)
 .text          0x0000008e        0x4 C:/Program Files (x86)/Atmel/Studio/7.0/Packs/atmel/ATmega_DFP/1.7.374/gcc/dev/atmega32/avr5/crtatmega32.o
                0x0000008e                __vector_12
                0x0000008e                __bad_interrupt
                0x0000008e                __vector_11
                0x0000008e                __vector_17
                0x0000008e                __vector_19
                0x0000008e                __vector_5
                0x0000008e                __vector_4
                0x0000008e                __vector_14
                0x0000008e                __vector_10
                0x0000008e                __vector_16
                0x0000008e                __vector_18
                0x0000008e                __vector_20
                0x00000092                . = ALIGN (0x2)
 *(.text.*)
 .text.RGB_init
                0x00000092       0x24 APP/RGB.o
                0x00000092                RGB_init
 .text.Write_ins
                0x000000b6       0xc0 HAL/LCD.o
 .text.LCD_init
                0x00000176       0x3e HAL/LCD.o
                0x00000176                LCD_init
 .text.main     0x000001b4       0x2e main.o
                0x000001b4                main
 .text.DIO_InitPin
                0x000001e2      0x1fa MCAL/DIO.o
                0x000001e2                DIO_InitPin
 .text.DIO_Init
                0x000003dc       0x20 MCAL/DIO.o
                0x000003dc                DIO_Init
 .text.DIO_WritePin
                0x000003fc      0x10a MCAL/DIO.o
                0x000003fc                DIO_WritePin
 .text.__vector_1
                0x00000506       0x52 MCAL/interrupt.o
                0x00000506                __vector_1
 .text.__vector_2
                0x00000558       0x52 MCAL/interrupt.o
                0x00000558                __vector_2
 .text.__vector_3
                0x000005aa       0x52 MCAL/interrupt.o
                0x000005aa                __vector_3
 .text.TIMER0_Init
                0x000005fc       0x54 MCAL/Timers.o
                0x000005fc                TIMER0_Init
 .text.TIMER0_OC0Mode
                0x00000650       0x12 MCAL/Timers.o
                0x00000650                TIMER0_OC0Mode
 .text.Timer1_Init
                0x00000662       0xc6 MCAL/Timers.o
                0x00000662                Timer1_Init
 .text.Timer1_OCRA1Mode
                0x00000728        0xe MCAL/Timers.o
                0x00000728                Timer1_OCRA1Mode
 .text.Timer1_OCRB1Mode
                0x00000736        0xe MCAL/Timers.o
                0x00000736                Timer1_OCRB1Mode
 .text.__vector_9
                0x00000744       0x52 MCAL/Timers.o
                0x00000744                __vector_9
 .text.__vector_7
                0x00000796       0x52 MCAL/Timers.o
                0x00000796                __vector_7
 .text.__vector_8
                0x000007e8       0x52 MCAL/Timers.o
                0x000007e8                __vector_8
 .text.__vector_6
                0x0000083a       0x52 MCAL/Timers.o
                0x0000083a                __vector_6
 .text.UART_Init
                0x0000088c       0x6e MCAL/UART.o
                0x0000088c                UART_Init
 .text.UART_Send
                0x000008fa        0x8 MCAL/UART.o
                0x000008fa                UART_Send
 .text.__vector_13
                0x00000902       0x52 MCAL/UART.o
                0x00000902                __vector_13
 .text.__vector_15
                0x00000954       0x52 MCAL/UART.o
                0x00000954                __vector_15
 .text.libgcc.div
                0x000009a6       0x44 c:/program files (x86)/atmel/studio/7.0/toolchain/avr8/avr8-gnu-toolchain/bin/../lib/gcc/avr/5.4.0/avr5\libgcc.a(_udivmodsi4.o)
                0x000009a6                __udivmodsi4
                0x000009ea                . = ALIGN (0x2)
 *(.fini9)
 .fini9         0x000009ea        0x0 c:/program files (x86)/atmel/studio/7.0/toolchain/avr8/avr8-gnu-toolchain/bin/../lib/gcc/avr/5.4.0/avr5\libgcc.a(_exit.o)
                0x000009ea                _exit
                0x000009ea                exit
 *(.fini9)
 *(.fini8)
 *(.fini8)
 *(.fini7)
 *(.fini7)
 *(.fini6)
 *(.fini6)
 *(.fini5)
 *(.fini5)
 *(.fini4)
 *(.fini4)
 *(.fini3)
 *(.fini3)
 *(.fini2)
 *(.fini2)
 *(.fini1)
 *(.fini1)
 *(.fini0)
 .fini0         0x000009ea        0x4 c:/program files (x86)/atmel/studio/7.0/toolchain/avr8/avr8-gnu-toolchain/bin/../lib/gcc/avr/5.4.0/avr5\libgcc.a(_exit.o)
 *(.fini0)
                0x000009ee                _etext = .

.data           0x00800060       0x28 load address 0x000009ee
                0x00800060                PROVIDE (__data_start, .)
 *(.data)
 *(.data*)
 *(.gnu.linkonce.d*)
 *(.rodata)
 *(.rodata*)
 .rodata.PinsStatusArray
                0x00800060       0x20 CFG/DIO_Cfg.o
                0x00800060                PinsStatusArray
 .rodata.config
                0x00800080        0x7 CFG/UART_cfg.o
                0x00800080                config
 *(.gnu.linkonce.r*)
                0x00800088                . = ALIGN (0x2)
 *fill*         0x00800087        0x1 
                0x00800088                _edata = .
                0x00800088                PROVIDE (__data_end, .)

.bss            0x00800088       0x12
                0x00800088                PROVIDE (__bss_start, .)
 *(.bss)
 *(.bss*)
 .bss.INT_FUNC_ARR
                0x00800088        0x6 MCAL/interrupt.o
 .bss.TIMER1    0x0080008e        0x8 MCAL/Timers.o
 .bss.UART_TX_Fptr
                0x00800096        0x2 MCAL/UART.o
 .bss.UART_RX_Fptr
                0x00800098        0x2 MCAL/UART.o
 *(COMMON)
                0x0080009a                PROVIDE (__bss_end, .)
                0x000009ee                __data_load_start = LOADADDR (.data)
                0x00000a16                __data_load_end = (__data_load_start + SIZEOF (.data))

.noinit         0x0080009a        0x0
                [!provide]                PROVIDE (__noinit_start, .)
 *(.noinit*)
                [!provide]                PROVIDE (__noinit_end, .)
                0x0080009a                _end = .
                [!provide]                PROVIDE (__heap_start, .)

.eeprom         0x00810000        0x0
 *(.eeprom*)
                0x00810000                __eeprom_end = .

.fuse
 *(.fuse)
 *(.lfuse)
 *(.hfuse)
 *(.efuse)

.lock
 *(.lock*)

.signature
 *(.signature*)

.user_signatures
 *(.user_signatures*)

.stab
 *(.stab)

.stabstr
 *(.stabstr)

.stab.excl
 *(.stab.excl)

.stab.exclstr
 *(.stab.exclstr)

.stab.index
 *(.stab.index)

.stab.indexstr
 *(.stab.indexstr)

.comment        0x00000000       0x30
 *(.comment)
 .comment       0x00000000       0x30 APP/RGB.o
                                 0x31 (size before relaxing)
 .comment       0x00000030       0x31 CFG/DIO_Cfg.o
 .comment       0x00000030       0x31 CFG/UART_cfg.o
 .comment       0x00000030       0x31 HAL/LCD.o
 .comment       0x00000030       0x31 main.o
 .comment       0x00000030       0x31 MCAL/DIO.o
 .comment       0x00000030       0x31 MCAL/interrupt.o
 .comment       0x00000030       0x31 MCAL/Timers.o
 .comment       0x00000030       0x31 MCAL/UART.o

.note.gnu.avr.deviceinfo
                0x00000000       0x3c
 .note.gnu.avr.deviceinfo
                0x00000000       0x3c C:/Program Files (x86)/Atmel/Studio/7.0/Packs/atmel/ATmega_DFP/1.7.374/gcc/dev/atmega32/avr5/crtatmega32.o

.note.gnu.build-id
 *(.note.gnu.build-id)

.debug
 *(.debug)

.line
 *(.line)

.debug_srcinfo
 *(.debug_srcinfo)

.debug_sfnames
 *(.debug_sfnames)

.debug_aranges  0x00000000      0x358
 *(.debug_aranges)
 .debug_aranges
                0x00000000       0x40 APP/RGB.o
 .debug_aranges
                0x00000040       0x18 CFG/DIO_Cfg.o
 .debug_aranges
                0x00000058       0x18 CFG/UART_cfg.o
 .debug_aranges
                0x00000070       0x80 HAL/LCD.o
 .debug_aranges
                0x000000f0       0x20 main.o
 .debug_aranges
                0x00000110       0x50 MCAL/DIO.o
 .debug_aranges
                0x00000160       0x58 MCAL/interrupt.o
 .debug_aranges
                0x000001b8      0x118 MCAL/Timers.o
 .debug_aranges
                0x000002d0       0x88 MCAL/UART.o

.debug_pubnames
 *(.debug_pubnames)

.debug_info     0x00000000     0x2c49
 *(.debug_info .gnu.linkonce.wi.*)
 .debug_info    0x00000000      0x4e6 C:/Program Files (x86)/Atmel/Studio/7.0/Packs/atmel/ATmega_DFP/1.7.374/gcc/dev/atmega32/avr5/crtatmega32.o
 .debug_info    0x000004e6      0x43a APP/RGB.o
 .debug_info    0x00000920      0x178 CFG/DIO_Cfg.o
 .debug_info    0x00000a98      0x189 CFG/UART_cfg.o
 .debug_info    0x00000c21      0xb79 HAL/LCD.o
 .debug_info    0x0000179a      0x1b3 main.o
 .debug_info    0x0000194d      0x3f5 MCAL/DIO.o
 .debug_info    0x00001d42      0x2e0 MCAL/interrupt.o
 .debug_info    0x00002022      0x881 MCAL/Timers.o
 .debug_info    0x000028a3      0x3a6 MCAL/UART.o

.debug_abbrev   0x00000000      0xf61
 *(.debug_abbrev)
 .debug_abbrev  0x00000000      0x4a3 C:/Program Files (x86)/Atmel/Studio/7.0/Packs/atmel/ATmega_DFP/1.7.374/gcc/dev/atmega32/avr5/crtatmega32.o
 .debug_abbrev  0x000004a3      0x15a APP/RGB.o
 .debug_abbrev  0x000005fd       0x6a CFG/DIO_Cfg.o
 .debug_abbrev  0x00000667       0x91 CFG/UART_cfg.o
 .debug_abbrev  0x000006f8      0x1e7 HAL/LCD.o
 .debug_abbrev  0x000008df      0x128 main.o
 .debug_abbrev  0x00000a07      0x152 MCAL/DIO.o
 .debug_abbrev  0x00000b59      0x10e MCAL/interrupt.o
 .debug_abbrev  0x00000c67      0x161 MCAL/Timers.o
 .debug_abbrev  0x00000dc8      0x199 MCAL/UART.o

.debug_line     0x00000000     0x1561
 *(.debug_line .debug_line.* .debug_line_end)
 .debug_line    0x00000000      0x116 C:/Program Files (x86)/Atmel/Studio/7.0/Packs/atmel/ATmega_DFP/1.7.374/gcc/dev/atmega32/avr5/crtatmega32.o
 .debug_line    0x00000116      0x164 APP/RGB.o
 .debug_line    0x0000027a       0x49 CFG/DIO_Cfg.o
 .debug_line    0x000002c3       0x41 CFG/UART_cfg.o
 .debug_line    0x00000304      0x4fc HAL/LCD.o
 .debug_line    0x00000800      0x190 main.o
 .debug_line    0x00000990      0x371 MCAL/DIO.o
 .debug_line    0x00000d01      0x1cc MCAL/interrupt.o
 .debug_line    0x00000ecd      0x49d MCAL/Timers.o
 .debug_line    0x0000136a      0x1f7 MCAL/UART.o

.debug_frame    0x00000000      0x8ec
 *(.debug_frame)
 .debug_frame   0x00000000       0x70 APP/RGB.o
 .debug_frame   0x00000070      0x19c HAL/LCD.o
 .debug_frame   0x0000020c       0x24 main.o
 .debug_frame   0x00000230       0x8c MCAL/DIO.o
 .debug_frame   0x000002bc      0x16c MCAL/interrupt.o
 .debug_frame   0x00000428      0x334 MCAL/Timers.o
 .debug_frame   0x0000075c      0x190 MCAL/UART.o

.debug_str      0x00000000     0x130e
 *(.debug_str)
 .debug_str     0x00000000      0x196 C:/Program Files (x86)/Atmel/Studio/7.0/Packs/atmel/ATmega_DFP/1.7.374/gcc/dev/atmega32/avr5/crtatmega32.o
 .debug_str     0x00000196      0x554 APP/RGB.o
                                0x58e (size before relaxing)
 .debug_str     0x000006ea      0x10e CFG/DIO_Cfg.o
                                0x249 (size before relaxing)
 .debug_str     0x000007f8      0x15c CFG/UART_cfg.o
                                0x2c0 (size before relaxing)
 .debug_str     0x00000954      0x14f HAL/LCD.o
                                0x3a1 (size before relaxing)
 .debug_str     0x00000aa3       0x2e main.o
                                0x1ef (size before relaxing)
 .debug_str     0x00000ad1       0xa8 MCAL/DIO.o
                                0x32d (size before relaxing)
 .debug_str     0x00000b79      0x133 MCAL/interrupt.o
                                0x2a7 (size before relaxing)
 .debug_str     0x00000cac      0x53c MCAL/Timers.o
                                0xa59 (size before relaxing)
 .debug_str     0x000011e8      0x126 MCAL/UART.o
                                0x3f7 (size before relaxing)

.debug_loc      0x00000000     0x1e41
 *(.debug_loc)
 .debug_loc     0x00000000       0x71 APP/RGB.o
 .debug_loc     0x00000071      0x8f6 HAL/LCD.o
 .debug_loc     0x00000967       0x68 main.o
 .debug_loc     0x000009cf      0x8d1 MCAL/DIO.o
 .debug_loc     0x000012a0      0x403 MCAL/interrupt.o
 .debug_loc     0x000016a3      0x599 MCAL/Timers.o
 .debug_loc     0x00001c3c      0x205 MCAL/UART.o

.debug_macinfo
 *(.debug_macinfo)

.debug_weaknames
 *(.debug_weaknames)

.debug_funcnames
 *(.debug_funcnames)

.debug_typenames
 *(.debug_typenames)

.debug_varnames
 *(.debug_varnames)

.debug_pubtypes
 *(.debug_pubtypes)

.debug_ranges   0x00000000      0x2b8
 *(.debug_ranges)
 .debug_ranges  0x00000000       0x30 APP/RGB.o
 .debug_ranges  0x00000030       0x70 HAL/LCD.o
 .debug_ranges  0x000000a0       0x10 main.o
 .debug_ranges  0x000000b0       0x40 MCAL/DIO.o
 .debug_ranges  0x000000f0       0x48 MCAL/interrupt.o
 .debug_ranges  0x00000138      0x108 MCAL/Timers.o
 .debug_ranges  0x00000240       0x78 MCAL/UART.o

.debug_macro
 *(.debug_macro)
OUTPUT(UART.elf elf32-avr)
LOAD linker stubs
